// Jest Snapshot v1, https://goo.gl/fbAQLP

exports[`<FormikSlider /> renders correctly as a field component 1`] = `
<form
  action="#"
  onReset={[Function]}
  onSubmit={[Function]}
>
  <div
    className="ms-Slider ms-Slider-enabled ms-Slider-row root-53"
  >
    <label
      className="ms-Label titleLabel-64"
      htmlFor="Slider0"
    >
      Rating
    </label>
    <div
      className="ms-Slider-container container-55"
    >
      <div
        aria-disabled={false}
        aria-label="Rating"
        aria-valuemax={10}
        aria-valuemin={0}
        aria-valuenow={3}
        aria-valuetext="3"
        className="ms-Slider-slideBox ms-Slider-showValue ms-Slider-showTransitions slideBox-56"
        data-is-focusable={true}
        id="Slider0"
        onKeyDown={[Function]}
        onMouseDown={[Function]}
        onTouchStart={[Function]}
        role="slider"
        tabIndex={0}
      >
        <div
          className="ms-Slider-line line-58"
        >
          <span
            className="ms-Slider-thumb thumb-57"
            style={
              Object {
                "left": "30%",
              }
            }
          />
          <span
            className="lineContainer-59 ms-Slider-inactive inactiveSection-61"
            style={
              Object {
                "width": "0%",
              }
            }
          />
          <span
            className="lineContainer-59 ms-Slider-active activeSection-60"
            style={
              Object {
                "width": "30%",
              }
            }
          />
          <span
            className="lineContainer-59 ms-Slider-inactive inactiveSection-61"
            style={
              Object {
                "width": "70%",
              }
            }
          />
        </div>
      </div>
      <label
        className="ms-Label ms-Slider-value valueLabel-65"
      >
        3
      </label>
    </div>
  </div>
</form>
`;
