// Jest Snapshot v1, https://goo.gl/fbAQLP

exports[`<FormikChoiceGroup /> renders correctly as a field component 1`] = `
<form
  action="#"
  onReset={[Function]}
  onSubmit={[Function]}
>
  <div
    className="ms-ChoiceFieldGroup root-53"
    name="selection"
  >
    <div
      aria-labelledby="ChoiceGroupLabel1"
      role="radiogroup"
    >
      <label
        className="ms-Label root-54"
        id="ChoiceGroupLabel1"
      >
        Selection
      </label>
      <div
        className="ms-ChoiceFieldGroup-flexContainer"
      />
    </div>
  </div>
</form>
`;
