// Jest Snapshot v1, https://goo.gl/fbAQLP

exports[`<FormikSpinButton /> renders correctly as a field component 1`] = `
<form
  action="#"
  onReset={[Function]}
  onSubmit={[Function]}
>
  <div
    className="root-53"
  >
    <div
      className="labelWrapper-54"
    >
      <label
        className="ms-Label label-60"
        htmlFor="input0"
        id="Label1"
      >
        Rating
      </label>
    </div>
    <div
      className="spinButtonWrapper-57"
      data-ktp-target={true}
    >
      <input
        aria-disabled={false}
        aria-labelledby="Label1"
        aria-valuenow={3}
        autoComplete="off"
        className="ms-spinButton-input input-58"
        data-ktp-execute-target={true}
        data-lpignore={true}
        disabled={false}
        id="input0"
        onBlur={[Function]}
        onChange={[Function]}
        onFocus={[Function]}
        onInput={[Function]}
        onKeyDown={[Function]}
        onKeyUp={[Function]}
        role="spinbutton"
        type="text"
        value="3"
      />
      <span
        className="arrowButtonsContainer-59"
      >
        <button
          className="ms-Button ms-Button--icon ms-UpButton root-61"
          data-is-focusable={false}
          onClick={[Function]}
          onKeyDown={[Function]}
          onKeyPress={[Function]}
          onKeyUp={[Function]}
          onMouseDown={[Function]}
          onMouseLeave={[Function]}
          onMouseUp={[Function]}
          tabIndex={-1}
          type="button"
        >
          <span
            className="ms-Button-flexContainer flexContainer-62"
            data-automationid="splitbuttonprimary"
          >
            <i
              aria-hidden={true}
              className="ms-Icon root-37 ms-Button-icon icon-64"
              data-icon-name="ChevronUpSmall"
              style={
                Object {
                  "fontFamily": undefined,
                }
              }
            />
          </span>
        </button>
        <button
          className="ms-Button ms-Button--icon ms-DownButton root-61"
          data-is-focusable={false}
          onClick={[Function]}
          onKeyDown={[Function]}
          onKeyPress={[Function]}
          onKeyUp={[Function]}
          onMouseDown={[Function]}
          onMouseLeave={[Function]}
          onMouseUp={[Function]}
          tabIndex={-1}
          type="button"
        >
          <span
            className="ms-Button-flexContainer flexContainer-62"
            data-automationid="splitbuttonprimary"
          >
            <i
              aria-hidden={true}
              className="ms-Icon root-37 ms-Button-icon icon-64"
              data-icon-name="ChevronDownSmall"
              style={
                Object {
                  "fontFamily": undefined,
                }
              }
            />
          </span>
        </button>
      </span>
    </div>
  </div>
</form>
`;
