// Jest Snapshot v1, https://goo.gl/fbAQLP

exports[`<FormikCheckbox /> renders correctly as a field component 1`] = `
<form
  action="#"
  onReset={[Function]}
  onSubmit={[Function]}
>
  <div
    className="ms-Checkbox is-enabled root-53"
  >
    <input
      aria-checked="false"
      aria-label="Checkbox"
      checked={false}
      className="input-54"
      data-ktp-execute-target={true}
      id="checkbox-0"
      name="isChecked"
      onChange={[Function]}
      type="checkbox"
    />
    <label
      className="ms-Checkbox-label label-55"
      htmlFor="checkbox-0"
    >
      <div
        className="ms-Checkbox-checkbox checkbox-56"
        data-ktp-target={true}
      >
        <i
          aria-hidden={true}
          className="ms-Checkbox-checkmark checkmark-59"
          data-icon-name="CheckMark"
        />
      </div>
      <span
        aria-hidden="true"
        className="ms-Checkbox-text text-58"
      >
        Checkbox
      </span>
    </label>
  </div>
</form>
`;
