// Jest Snapshot v1, https://goo.gl/fbAQLP

exports[`<FormikToggle /> renders correctly as a field component 1`] = `
<form
  action="#"
  onReset={[Function]}
  onSubmit={[Function]}
>
  <div
    className="ms-Toggle is-enabled root-53"
  >
    <label
      className="ms-Label ms-Toggle-label label-59"
      htmlFor="Toggle0"
      id="Toggle0-label"
    >
      IsChecked
    </label>
    <div
      className="ms-Toggle-innerContainer container-55"
    >
      <button
        aria-checked={false}
        aria-labelledby="Toggle0-label"
        checked={false}
        className="ms-Toggle-background pill-56"
        data-is-focusable={true}
        data-ktp-target={true}
        id="Toggle0"
        onChange={[Function]}
        onClick={[Function]}
        role="switch"
        type="button"
      >
        <span
          className="ms-Toggle-thumb thumb-57"
        />
      </button>
    </div>
  </div>
</form>
`;
